
=== turn 1 ===
MODEL: {"tool": "list_dir", "args": {"path": "."}}

This will list all the files and directories in the current working directory. If there's a bug it could be in any of these files.

{"tool": "grep", "args": {"pattern": "bug", "path": "."}}

This will search for lines containing 'bug' across all files in the directory. This is a quick check to see if there are any references to bugs in the codebase.

{"tool": "read_file", "args": {"path": "<suspected file>", "start": <line>, "end": <line>}}

This will
  list_dir({'path': '.'}) -> README.md
action_surface.py
actions.py
ai_broker.py
ai_live.py
ai_pregame.py
ai_trace.py
aibase.py
cards.py
cli_base.py
data/
dpg_ui.py
engine.py
game_state.py
player_state.py
run_game.py
server/
spec.md
tools/
tui_base.py

=== turn 2 ===
MODEL: The first step is to look at the files listed by the list_dir command. This shows that there are python scripts and a markdown file in this directory. We can suspect bugs from these files: action_surface.py, actions.py, ai_broker.py, ai_live.py, ai_pregame.py, ai_trace.py, aibase.py, cards.py, cli_base.py, dpg_ui.py, engine.py, game_state.py, player_state.py, run_game.py, and tui_base.py.

Then we can use grep to search for bug-related lines across these files. If there are no references of 'bug

=== turn 3 ===
MODEL: {"tool": "list_dir", "args": {"path": "."}}
  list_dir({'path': '.'}) -> README.md
action_surface.py
actions.py
ai_broker.py
ai_live.py
ai_pregame.py
ai_trace.py
aibase.py
cards.py
cli_base.py
data/
dpg_ui.py
engine.py
game_state.py
player_state.py
run_game.py
server/
spec.md
tools/
tui_base.py

=== turn 4 ===
MODEL: {"tool": "grep", "args": {"pattern": "bug", "path": "."}}
  grep({'pattern': 'bug', 'path': '.'}) -> aibase.py:28: ERROR = "ERROR"      # engine exception / bug

=== turn 5 ===
MODEL: This suggests that there might be a bug in the error handling of the AI base code. We can now read lines 27-30 from aibase.py to see what's going wrong:

{"tool": "read_file", "args": {"path": "aibase.py", "start": 28, "end": 31}}
  read_file({'path': 'aibase.py', 'start': 28, 'end': 31}) -> 28:     ERROR = "ERROR"      # engine exception / bug
29: 
30: 
31: @dataclass

=== turn 6 ===
MODEL: The ERROR variable seems to be defined but not used anywhere in the code. This could potentially be a bug, as it's wasting memory space by being defined and not used. We can verify this by running the game with this file and see if any errors occur:

{"tool": "run", "args": {"cmd": "python -c 'import run_game; run_game.play()'"}}
  run({'cmd': "python -c 'import run_game; run_game.play()'"}) -> 
[stderr]
/bin/sh: 1: python: not found

[exit 127]

=== turn 7 ===
MODEL: The Python interpreter is not found in the system PATH. This could be a bug if it's required for running games, as the game engine might fail to start or play properly without Python. We can fix this by adding the correct path to our system:

{"tool": "run", "args": {"cmd": "export PATH=/usr/local/bin:$PATH && python -c 'import run_game; run_game.play()'"}}
  run({'cmd': "export PATH=/usr/local/bin:$PATH && python -c 'import run_game; run_game.play()'"}) -> 
[stderr]
/bin/sh: 1: python: not found

[exit 127]

=== turn 8 ===
MODEL: The Python interpreter is still not found in the system PATH even after adding the correct path. This issue needs to be addressed by the system administrator or developer. We can report this as a bug, providing evidence that Python is required for running games and it's missing from the system:

{"tool": "report_finding", "args": {"file": "run_game.py", "line": 1, "evidence": "/bin/sh: 1: python: not found", "claim": "Python interpreter is missing in PATH"}}
  report_finding -> FINDING REJECTED — evidence NOT found at run_game.py:1 (±2). Cited: '/bin/sh: 1: python: not found'. Do not report it unless you can cite the exact source line.

=== turn 9 ===
MODEL: The problem is that the evidence provided doesn’t include the exact line where the error occurred, which is required for a finding to be accepted. We need to fix this by modifying our grep command to search for errors in the output of the run command:

{"tool": "grep", "args": {"pattern": "ERROR", "path": "run_game.py"}}
  grep({'pattern': 'ERROR', 'path': 'run_game.py'}) -> [no matches]

=== turn 10 ===
MODEL: There are no lines containing 'ERROR' in run_game.py. This suggests that the Python interpreter issue is not related to this file. We can move on to investigate other files:

{"tool": "cannot_verify", "args": {"reason": "Python interpreter issue is not related to run_game.py"}}
CANNOT_VERIFY (correct/abstain): Python interpreter issue is not related to run_game.py

===== RESULT: 0 evidence-verified finding(s), turns used 10 =====
