
=== turn 1 ===
MODEL: We need to investigate repository. Let's list dir.

=== turn 2 ===
MODEL: We must output a single JSON object with tool invocation. We'll start by listing directory.

=== turn 3 ===
MODEL: We need to produce {"tool":"list_dir","args":{"path":"."}}
  list_dir({'path': '.'}) -> README.md
action_surface.py
actions.py
ai_broker.py
ai_live.py
ai_pregame.py
ai_trace.py
aibase.py
cards.py
cli_base.py
data/
dpg_ui.py
engine.py
game_state.py
player_state.py
run_game.py
server/
spec.md
tools/
tui_base.py

=== turn 4 ===
MODEL: We need to investigate engine. Let's read engine.py lines 1-200.

=== turn 5 ===
MODEL: We will use read_file.

=== turn 6 ===
MODEL: We must output a single JSON object with tool invocation. Let's read engine.py lines 1-200.

=== turn 7 ===
MODEL: {"tool":"read_file","args":{"path":"engine.py","start":1,"end":200}}
  read_file({'path': 'engine.py', 'start': 1, 'end': 200}) -> 1: from __future__ import annotations
2: 
3: from typing import Any, Dict, List, Optional
4: import itertools
5: import uuid
6: 
7: from mtg_core.actions import Action, ActionType
8: from mtg_core.game_state import (
9:     GameState,
10:     CardInstance,
11:     Permanent,
12:     StackItem,
13:  

=== turn 8 ===
MODEL: We need to find bugs causing engine fails to run games to completion. Likely issues in stack resolution, game-end/winner reporting, enum definitions, targeting.

Let's search for _check_win_conditions implementation.

=== turn 9 ===
MODEL: Search for "_check_win_conditions" in repo.

=== turn 10 ===
MODEL: We need to grep.

=== turn 11 ===
MODEL: We'll use grep.

=== turn 12 ===
MODEL: We must output a single JSON object with tool invocation. Let's do grep for _check_win_conditions.

=== turn 13 ===
MODEL: {"tool":"grep","args":{"pattern":"_check_win_conditions","path":"."}}
  grep({'pattern': '_check_win_conditions', 'path': '.'}) -> engine.py:97: self._check_win_conditions()
engine.py:417: def _check_win_conditions(self) -> None:

=== turn 14 ===
MODEL: Open around 410-440.

=== turn 15 ===
MODEL: We need to read file lines 400-460.

=== turn 16 ===
MODEL: Let's read engine.py lines 400-460.

=== turn 17 ===
MODEL: We must produce a single JSON object with tool invocation. Let's do read_file.

=== turn 18 ===
MODEL: We need to read engine.py lines 400-460.

=== turn 19 ===
MODEL: We must output a single JSON object with tool invocation. Let's do that.

=== turn 20 ===
MODEL: The instructions: "You are code investigator ... You work ONE step at a time. Each turn you output EXACTLY ONE JSON object and nothing else." So we must produce a single JSON object with a tool invocation. We need to read engine.py lines 400-460. Let's do that.

=== turn 21 ===
MODEL: {"tool":"read_file","args":{"path":"engine.py","start":400,"end":460}}
  read_file({'path': 'engine.py', 'start': 400, 'end': 460}) -> 400:     # ============================
401: 
402:     def _ps(self, player_id: str) -> PlayerState:
403:         return self.game.players[player_id]
404: 
405:     def opponents(self, player_id: str) -> List[str]:
406:         return [pid for pid in self.game.players if pid != player_id]
407: 
408:

=== turn 22 ===
MODEL: We need to find bugs. Let's search for stack resolution functions. Search for resolve_top_of_stack.

=== turn 23 ===
MODEL: Search.

=== turn 24 ===
MODEL: Let's grep "resolve_top_of_stack".

=== turn 25 ===
MODEL: We need to run grep.

=== turn 26 ===
MODEL: We must produce a single JSON object with tool invocation. Let's do it.

=== turn 27 ===
MODEL: The system expects us to output a JSON object with a tool name and args. We need to continue investigating. The last step we read engine.py lines 400-460. Next, we should search for resolve_top_of_stack. Let's do grep.

=== turn 28 ===
MODEL: {"tool":"grep","args":{"pattern":"resolve_top_of_stack","path":"."}}
  grep({'pattern': 'resolve_top_of_stack', 'path': '.'}) -> engine.py:131: resolved = self.resolve_top_of_stack()
tools/selfplay_smoke.py:14: As of the 2026-07-23 assessment, engine.py:131 calls `self.resolve_top_of_stack()`,
tools/selfplay_smoke.py:36: # --- REMOVE THIS LINE once engine.py:131 is fixed (resolve_top_of_stack typo) ---
tools/selfplay_smoke.py

===== RESULT: 0 evidence-verified finding(s), turns used 28 =====
