
=== turn 1 ===
MODEL: ```json
{
  "tool": "list_dir",
  "args": {
    "path": "."
  }
}
```
  list_dir({'path': '.'}) -> README.md
action_surface.py
actions.py
ai_broker.py
ai_live.py
ai_pregame.py
ai_trace.py
aibase.py
cards.py
cli_base.py
data/
dpg_ui.py
engine.py
game_state.py
player_state.py
run_game.py
server/
spec.md
tools/
tui_base.py

=== turn 2 ===
MODEL: ```json
{
  "tool": "grep",
  "args": {
    "pattern": "stack resolution|game-end|winner reporting|enum definitions|targeting",
    "path": "."
  }
}
```
  grep({'pattern': 'stack resolution|game-end|winner reporting|enum definitions|targeting', 'path': '.'}) -> [no matches]

=== turn 3 ===
MODEL: ```json
{
  "tool": "read_file",
  "args": {
    "path": "engine.py",
    "start": 1,
    "end": 120
  }
}
```
  read_file({'path': 'engine.py', 'start': 1, 'end': 120}) -> 1: from __future__ import annotations
2: 
3: from typing import Any, Dict, List, Optional
4: import itertools
5: import uuid
6: 
7: from mtg_core.actions import Action, ActionType
8: from mtg_core.game_state import (
9:     GameState,
10:     CardInstance,
11:     Permanent,
12:     StackItem,
13:  

=== turn 4 ===
MODEL: ```json
{
  "tool": "read_file",
  "args": {
    "path": "engine.py",
    "start": 121,
    "end": 240
  }
}
```
  read_file({'path': 'engine.py', 'start': 121, 'end': 240}) -> 121:     def _resolve_pass_priority(self, player_id: str) -> Dict[str, Any]:
122:         if player_id != self._priority_holder:
123:             raise ValueError("PASS_PRIORITY by non-priority holder")
124: 
125:         self._log(f"{player_id} passes priority.")
126:         self._pass_streak += 1

=== turn 5 ===
MODEL: ```json
{
  "tool": "read_file",
  "args": {
    "path": "engine.py",
    "start": 147,
    "end": 160
  }
}
```
  read_file({'path': 'engine.py', 'start': 147, 'end': 160}) -> 147:     def _advance_step(self) -> None:
148:         t = self.game.turn
149: 
150:         old_phase = t.phase
151: 
152:         if t.step == Step.UNTAP:
153:             self._untap_permanents(t.active_player_id)
154:             t.phase = Phase.BEGINNING
155:             t.step = Step.UPKEEP
15

=== turn 6 ===
MODEL: ```json
{
  "tool": "read_file",
  "args": {
    "path": "engine.py",
    "start": 221,
    "end": 234
  }
}
```
  read_file({'path': 'engine.py', 'start': 221, 'end': 234}) -> 221:         if t.step == Step.END:
222:             self._end_turn()
223:             return
224: 
225:         raise RuntimeError(f"Unhandled step transition: {t.step}")
226: 
227:     def _end_turn(self) -> None:
228:         t = self.game.turn
229: 
230:         for ps in self.game.players.value

=== turn 7 ===
MODEL: ```json
{
  "tool": "read_file",
  "args": {
    "path": "engine.py",
    "start": 161,
    "end": 174
  }
}
```
  read_file({'path': 'engine.py', 'start': 161, 'end': 174}) -> 161:         if t.step == Step.UPKEEP:
162:             t.phase = Phase.BEGINNING
163:             t.step = Step.DRAW
164:             if not (t.turn_number == 1 and t.active_player_id == self.game.starting_player_id):
165:                 self._draw(t.active_player_id, 1)
166:             return
16

=== turn 8 ===
MODEL: ```json
{
  "tool": "read_file",
  "args": {
    "path": "engine.py",
    "start": 175,
    "end": 188
  }
}
```
  read_file({'path': 'engine.py', 'start': 175, 'end': 188}) -> 175:         if t.step == Step.MAIN1:
176:             t.phase = Phase.COMBAT
177:             t.step = Step.DECLARE_ATTACKERS
178:             if old_phase != t.phase:
179:                 self._clear_mana_pools()
180:             t.attackers = []
181:             t.blockers = {}
182:             t

=== turn 9 ===
MODEL: ```json
{
  "tool": "read_file",
  "args": {
    "path": "engine.py",
    "start": 189,
    "end": 202
  }
}
```
  read_file({'path': 'engine.py', 'start': 189, 'end': 202}) -> 189:             return
190: 
191:         if t.step == Step.DECLARE_BLOCKERS:
192:             self._resolve_combat_damage()
193:             t.phase = Phase.MAIN
194:             t.step = Step.MAIN2
195:             if old_phase != t.phase:
196:                 self._clear_mana_pools()
197:       

=== turn 10 ===
MODEL: ```json
{
  "tool": "read_file",
  "args": {
    "path": "engine.py",
    "start": 203,
    "end": 216
  }
}
```
  read_file({'path': 'engine.py', 'start': 203, 'end': 216}) -> 203:         if t.step == Step.DAMAGE:
204:             t.phase = Phase.MAIN
205:             t.step = Step.MAIN2
206:             if old_phase != t.phase:
207:                 self._clear_mana_pools()
208:             t.attackers = []
209:             t.blockers = {}
210:             t.attackers_de

=== turn 11 ===
MODEL: ```json
{
  "tool": "read_file",
  "args": {
    "path": "engine.py",
    "start": 217,
    "end": 230
  }
}
```
  read_file({'path': 'engine.py', 'start': 217, 'end': 230}) -> 217:             if old_phase != t.phase:
218:                 self._clear_mana_pools()
219:             return
220: 
221:         if t.step == Step.END:
222:             self._end_turn()
223:             return
224: 
225:         raise RuntimeError(f"Unhandled step transition: {t.step}")
226: 
227:

=== turn 12 ===
MODEL: ```json
{
  "tool": "read_file",
  "args": {
    "path": "engine.py",
    "start": 152,
    "end": 165
  }
}
```
  read_file({'path': 'engine.py', 'start': 152, 'end': 165}) -> 152:         if t.step == Step.UNTAP:
153:             self._untap_permanents(t.active_player_id)
154:             t.phase = Phase.BEGINNING
155:             t.step = Step.UPKEEP
156:             if old_phase != t.phase:
157:                 self._clear_mana_pools()
158:             self._handle_upk

=== turn 13 ===
MODEL: ```json
{
  "tool": "read_file",
  "args": {
    "path": "engine.py",
    "start": 231,
    "end": 240
  }
}
```
  read_file({'path': 'engine.py', 'start': 231, 'end': 240}) -> 231:             ps.mana_pool.clear()
232:             ps.lands_played_this_turn = 0
233: 
234:         for perm in self.game.zones.battlefield.values():
235:             perm.state.damage_marked = 0
236: 
237:         self.game.damage_dealt_to_players = {pid: 0 for pid in self.game.players}
238: 
2

=== turn 14 ===
MODEL: ```json
{
  "tool": "read_file",
  "args": {
    "path": "engine.py",
    "start": 241,
    "end": 254
  }
}
```
  read_file({'path': 'engine.py', 'start': 241, 'end': 254}) -> 241:             t.active_player_id = self.game.extra_turns.pop(0)
242:         else:
243:             t.active_player_id = self.opponents(t.active_player_id)[0]
244:         t.phase = Phase.BEGINNING
245:         t.step = Step.UNTAP
246:         t.attackers = []
247:         t.blockers = {}
248:   

=== turn 15 ===
MODEL: ```json
{
  "tool": "cannot_verify",
  "args": {
    "reason": "No concrete bugs found in the provided code snippets."
  }
}
```
CANNOT_VERIFY (correct/abstain): No concrete bugs found in the provided code snippets.

===== RESULT: 0 evidence-verified finding(s), turns used 15 =====
